---
source: src/model/movement/tests/mod.rs
expression: movement

---
None
