---
source: src/model/movement/tests/mod.rs
expression: movement

---
Some(
    Movement {
        class: None,
        destination: Position {
            rank: _4,
            file: E,
        },
    },
)
