---
source: src/movement/tests.rs
expression: movement
---
{
  "class": null,
  "destination": {
    "rank": "_3",
    "file": "C"
  }
}
