---
source: src/movement/tests.rs
expression: movement
---
{
  "class": "KNIGHT",
  "destination": {
    "rank": "_3",
    "file": "F"
  }
}
