---
source: src/movement/tests.rs
expression: movement
---
{
  "class": "Bishop",
  "destination": {
    "rank": "_5",
    "file": "C"
  }
}
