---
source: src/movement/tests.rs
expression: movement
---
{
  "class": null,
  "destination": {
    "rank": "_5",
    "file": "E"
  }
}
