---
source: src/movement/tests.rs
expression: movement
---
{
  "class": "BISHOP",
  "destination": {
    "rank": "_4",
    "file": "C"
  }
}
