---
source: src/model/position/tests/mod.rs
expression: position

---
Some(
    Position {
        rank: _6,
        file: C,
    },
)
