---
source: src/model/position/tests/mod.rs
expression: position

---
Some(
    Position {
        rank: _1,
        file: B,
    },
)
