---
source: src/model/position/tests/mod.rs
expression: position

---
None
