---
source: src/model/position/tests/mod.rs
expression: position

---
Some(
    Position {
        rank: _7,
        file: A,
    },
)
